math.abs: true
math.ln: true
math.trig: true
math.rand: true
number.to_float: true
number.is_float: true
array.front/back: true
array.empty/size: true
array.enumerate: true
array.to_list: true
array.clear: true
hash_map.keys/values: true
hash_map.clear: true
hash_set.size/empty: true
hash_set.insert/exist: true
hash_set.erase: true
hash_set.subtract: true
hash_set.clear: true
runtime.sdk_path: true
runtime.import_path: true
runtime.cwd: true
path.mkdir/exist/is_file: true
file.copy: true
file.rename: true
file.ctime/mtime: true
path.scan: true
