Resumed
Produced: 1
Yielding...
Iteration: 1
Resumed
Produced: 2
Yielding...
Iteration: 2
Resumed
Produced: 3
Yielding...
Iteration: 3
Resumed
Produced: 4
Yielding...
Iteration: 4
Resumed
Produced: 5
Yielding...
Iteration: 5
Resumed
Produced: 6
Yielding...
Iteration: 6
Resumed
Produced: 7
Yielding...
Iteration: 7
Resumed
Produced: 8
Yielding...
Iteration: 8
Resumed
Produced: 9
Yielding...
Iteration: 9
Resumed
Produced: 10
Yielding...
Iteration: 10
Resumed
Produced: 11
Yielding...
Finished
Done
